run_ledger:
+-------------------------+----------+--------------------+----------+----------+------------+----------+
|         run_id          | src_read | extraction_written | excluded | rejected | duplicates | balanced |
+-------------------------+----------+--------------------+----------+----------+------------+----------+
| initial-20260821-003500 |       76 |                 42 |       10 |        4 |         20 |     true |
+-------------------------+----------+--------------------+----------+----------+------------+----------+

account_src:       
+-----+
| cnt |
+-----+
|  42 |
+-----+
account_curated:   
+-----+
| cnt |
+-----+
|  42 |
+-----+
account_enriched:  
+-----+
| cnt |
+-----+
|  42 |
+-----+
account_target:    
+-----+
| cnt |
+-----+
|  40 |
+-----+
record_lineage:    
+-----+
| cnt |
+-----+
|  36 |
+-----+
reject_log:        
+-----+
| cnt |
+-----+
|   6 |
+-----+
