Executing the command: [ airflow dags trigger mig_000001_1_migration --conf {"run_id":"run-dag-20260903-0409"} ]...
Command has been started. execution_id=c14995f2-6b33-44c8-be4f-47c83e3a0aff
Use ctrl-c to interrupt the command
ERROR: Error message: /opt/python3.11/lib/python3.11/site-packages/airflow/metrics/statsd_logger.py:184 RemovedInAirflow3Warning: The basic metric validator will be deprecated in the future in favor of pattern-matching.  You can try this now by setting config option metrics_use_pattern_match to True.
/opt/python3.11/lib/python3.11/site-packages/airflow/utils/dot_renderer.py:29 UserWarning: Could not import graphviz. Rendering graph to the graphical format will not be possible.
Traceback (most recent call last):
  File "/opt/python3.11/bin/airflow", line 8, in <module>
    sys.exit(main())
             ^^^^^^
  File "/opt/python3.11/lib/python3.11/site-packages/airflow/__main__.py", line 58, in main
    args.func(args)
  File "/opt/python3.11/lib/python3.11/site-packages/airflow/cli/cli_config.py", line 49, in command
    return func(*args, **kwargs)
           ^^^^^^^^^^^^^^^^^^^^^
  File "/opt/python3.11/lib/python3.11/site-packages/airflow/utils/cli.py", line 114, in wrapper
    return f(*args, **kwargs)
           ^^^^^^^^^^^^^^^^^^
  File "/opt/python3.11/lib/python3.11/site-packages/airflow/utils/providers_configuration_loader.py", line 55, in wrapped_function
    return func(*args, **kwargs)
           ^^^^^^^^^^^^^^^^^^^^^
  File "/opt/python3.11/lib/python3.11/site-packages/airflow/cli/commands/dag_command.py", line 173, in dag_trigger
    message = api_client.trigger_dag(
              ^^^^^^^^^^^^^^^^^^^^^^^
  File "/opt/python3.11/lib/python3.11/site-packages/airflow/api/client/local_client.py", line 35, in trigger_dag
    dag_run = trigger_dag.trigger_dag(
              ^^^^^^^^^^^^^^^^^^^^^^^^
  File "/opt/python3.11/lib/python3.11/site-packages/airflow/api/common/trigger_dag.py", line 123, in trigger_dag
    raise DagNotFound(f"Dag id {dag_id} not found in DagModel")
airflow.exceptions.DagNotFound: Dag id mig_000001_1_migration not found in DagModel
ERROR: Command exit code: 1
[2026-09-03T06:21:09.687+0000] {__init__.py:43} INFO - Loaded API auth backend: airflow.composer.api.backend.composer_auth
[2026-09-03T06:21:09.773+0000] {__init__.py:43} INFO - Loaded API auth backend: airflow.api.auth.backend.session
Executing the command: [ airflow dags trigger mig_000001_1_migration --conf {"run_id":"run-dag-20260903-0409"} ]...
Command has been started. execution_id=bdb9aa31-01de-435e-9b34-5710c38e3f03
Use ctrl-c to interrupt the command
[2026-09-03T06:22:24.478+0000] {__init__.py:43} INFO - Loaded API auth backend: airflow.composer.api.backend.composer_auth
[2026-09-03T06:22:24.484+0000] {__init__.py:43} INFO - Loaded API auth backend: airflow.api.auth.backend.session
|                   |                   | data_interval_sta |                   |          |                  | last_scheduling_ |                   |          |            |
conf               | dag_id            | dag_run_id        | rt                | data_interval_end | end_date | external_trigger | decision         | logical_date      | run_type | start_date | state
===================+===================+===================+===================+===================+==========+==================+==================+===================+==========+============+=======
{'run_id':         | mig_000001_1_migr | manual__2026-09-0 | 2026-09-03        | 2026-09-03        | None     | True             | None             | 2026-09-03        | manual   | None       | queued
'run-dag-20260903- | ation             | 3T06:22:24+00:00  | 06:22:24+00:00    | 06:22:24+00:00    |          |                  |                  | 06:22:24+00:00    |          |            |
0409'}             |                   |                   |                   |                   |          |                  |                  |                   |          |            |
