DISABLING composer.googleapis.com
Operation "operations/acat.p17-818861037691-087012f7-7a48-4037-aab9-0561d9065cfb" finished successfully.
DISABLING dataflow.googleapis.com
Operation "operations/acat.p17-818861037691-b168db05-3b81-40cb-a3ee-f6c0747894c4" finished successfully.
DISABLING dataform.googleapis.com
Operation "operations/acat.p17-818861037691-288183d6-77b8-412a-bfe8-d13e67baafe8" finished successfully.
DISABLING run.googleapis.com
Operation "operations/acat.p17-818861037691-62cc6abb-b0ba-475c-8bfe-4e9eb0fcd0ce" finished successfully.
DISABLING managedkafka.googleapis.com
Operation "operations/acat.p17-818861037691-4bd34e6a-ba94-46a4-9529-faf773c76b17" finished successfully.
DISABLING vpcaccess.googleapis.com
Operation "operations/acf.p17-818861037691-49856f2c-22c0-47b7-8e3d-8654feebc91b" finished successfully.
DISABLING cloudbuild.googleapis.com
Operation "operations/acat.p17-818861037691-b309d1b9-9192-4a58-b1bd-7fea514521b0" finished successfully.
DISABLING artifactregistry.googleapis.com
Operation "operations/acat.p17-818861037691-7644d464-e064-4404-acc8-264b720229cb" finished successfully.
DISABLING secretmanager.googleapis.com
Operation "operations/acat.p17-818861037691-efd256bf-e470-4861-a3e0-cc0ea7a8780d" finished successfully.
DISABLING storage.googleapis.com
Operation "operations/acat.p17-818861037691-5ed6d7d8-f231-41da-8d14-cb032f968192" finished successfully.
DISABLING logging.googleapis.com
Operation "operations/acat.p17-818861037691-0e717924-c702-478f-9601-61134c06a561" finished successfully.
DISABLING cloudresourcemanager.googleapis.com
Operation "operations/acat.p17-818861037691-20d08ecc-4b72-4735-b65f-a153077d1a5b" finished successfully.
DISABLING bigquerystorage.googleapis.com
