WARNING: A restricted method in java.lang.System has been called
WARNING: java.lang.System::load has been called by org.fusesource.jansi.internal.JansiLoader in an unnamed module (file:/home/adrianb/.sdkman/candidates/maven/current/lib/jansi-2.4.0.jar)
WARNING: Use --enable-native-access=ALL-UNNAMED to avoid a warning for callers in this module
WARNING: Restricted methods will be blocked in a future release unless native access is enabled

WARNING: A terminally deprecated method in sun.misc.Unsafe has been called
WARNING: sun.misc.Unsafe::objectFieldOffset has been called by com.google.common.util.concurrent.AbstractFuture$UnsafeAtomicHelper (file:/home/adrianb/.sdkman/candidates/maven/current/lib/guava-25.1-android.jar)
WARNING: Please consider reporting this to the maintainers of class com.google.common.util.concurrent.AbstractFuture$UnsafeAtomicHelper
WARNING: sun.misc.Unsafe::objectFieldOffset will be removed in a future release
[INFO] Scanning for projects...
[INFO] ------------------------------------------------------------------------
[INFO] Reactor Build Order:
[INFO] 
[INFO] mig-000001-1                                                       [pom]
[INFO] common                                                             [jar]
[INFO] extractor-app                                                      [jar]
[INFO] loader-app                                                         [jar]
[INFO] recon-service                                                      [jar]
[INFO] target-system-mock                                                    [jar]
[INFO] 
[INFO] ------------------------< ro.mig:mig-000001-1 >-------------------------
[INFO] Building mig-000001-1 0.1.0                                        [1/6]
[INFO] --------------------------------[ pom ]---------------------------------
[INFO] 
[INFO] ---------------------------< ro.mig:common >----------------------------
[INFO] Building common 0.1.0                                              [2/6]
[INFO] --------------------------------[ jar ]---------------------------------
[INFO] 
[INFO] --- maven-resources-plugin:2.6:resources (default-resources) @ common ---
[INFO] Using 'UTF-8' encoding to copy filtered resources.
[INFO] skip non existing resourceDirectory /home/adrianb/_/ai-assisted/github/test-gcp-dataflow-dataform-cloud-composer/apps/common/src/main/resources
[INFO] 
[INFO] --- maven-compiler-plugin:3.13.0:compile (default-compile) @ common ---
[INFO] Recompiling the module because of changed source code.
[INFO] Compiling 9 source files with javac [debug release 25] to target/classes
[INFO] 
[INFO] --- maven-resources-plugin:2.6:testResources (default-testResources) @ common ---
[INFO] Using 'UTF-8' encoding to copy filtered resources.
[INFO] skip non existing resourceDirectory /home/adrianb/_/ai-assisted/github/test-gcp-dataflow-dataform-cloud-composer/apps/common/src/test/resources
[INFO] 
[INFO] --- maven-compiler-plugin:3.13.0:testCompile (default-testCompile) @ common ---
[INFO] No sources to compile
[INFO] 
[INFO] --- maven-surefire-plugin:3.2.5:test (default-test) @ common ---
[INFO] Tests are skipped.
[INFO] 
[INFO] --- maven-jar-plugin:3.4.1:jar (default-jar) @ common ---
[INFO] Building jar: /home/adrianb/_/ai-assisted/github/test-gcp-dataflow-dataform-cloud-composer/apps/common/target/common-0.1.0.jar
[INFO] 
[INFO] ------------------------< ro.mig:extractor-app >------------------------
[INFO] Building extractor-app 0.1.0                                       [3/6]
[INFO] --------------------------------[ jar ]---------------------------------
[INFO] 
[INFO] --- maven-resources-plugin:2.6:resources (default-resources) @ extractor-app ---
[INFO] Using 'UTF-8' encoding to copy filtered resources.
[INFO] skip non existing resourceDirectory /home/adrianb/_/ai-assisted/github/test-gcp-dataflow-dataform-cloud-composer/apps/extractor-app/src/main/resources
[INFO] 
[INFO] --- maven-compiler-plugin:3.13.0:compile (default-compile) @ extractor-app ---
[INFO] Recompiling the module because of changed dependency.
[INFO] Compiling 1 source file with javac [debug release 25] to target/classes
[INFO] 
[INFO] --- maven-resources-plugin:2.6:testResources (default-testResources) @ extractor-app ---
[INFO] Using 'UTF-8' encoding to copy filtered resources.
[INFO] skip non existing resourceDirectory /home/adrianb/_/ai-assisted/github/test-gcp-dataflow-dataform-cloud-composer/apps/extractor-app/src/test/resources
[INFO] 
[INFO] --- maven-compiler-plugin:3.13.0:testCompile (default-testCompile) @ extractor-app ---
[INFO] No sources to compile
[INFO] 
[INFO] --- maven-surefire-plugin:3.2.5:test (default-test) @ extractor-app ---
[INFO] Tests are skipped.
[INFO] 
[INFO] --- maven-jar-plugin:3.4.1:jar (default-jar) @ extractor-app ---
[INFO] Building jar: /home/adrianb/_/ai-assisted/github/test-gcp-dataflow-dataform-cloud-composer/apps/extractor-app/target/extractor-app-0.1.0.jar
[INFO] 
[INFO] --- maven-shade-plugin:3.5.3:shade (default) @ extractor-app ---
[INFO] Including ro.mig:common:jar:0.1.0 in the shaded jar.
[INFO] Including org.apache.commons:commons-compress:jar:1.27.1 in the shaded jar.
[INFO] Including commons-codec:commons-codec:jar:1.17.1 in the shaded jar.
[INFO] Including commons-io:commons-io:jar:2.16.1 in the shaded jar.
[INFO] Including org.apache.commons:commons-lang3:jar:3.16.0 in the shaded jar.
[INFO] Including com.fasterxml.jackson.core:jackson-databind:jar:2.17.2 in the shaded jar.
[INFO] Including com.fasterxml.jackson.core:jackson-annotations:jar:2.17.2 in the shaded jar.
[INFO] Including com.fasterxml.jackson.core:jackson-core:jar:2.17.2 in the shaded jar.
[WARNING] commons-codec-1.17.1.jar, commons-compress-1.27.1.jar, commons-io-2.16.1.jar, commons-lang3-3.16.0.jar define 2 overlapping resources: 
[WARNING]   - META-INF/LICENSE.txt
[WARNING]   - META-INF/NOTICE.txt
[WARNING] jackson-annotations-2.17.2.jar, jackson-core-2.17.2.jar, jackson-databind-2.17.2.jar define 2 overlapping resources: 
[WARNING]   - META-INF/LICENSE
[WARNING]   - META-INF/NOTICE
[WARNING] common-0.1.0.jar, commons-codec-1.17.1.jar, commons-compress-1.27.1.jar, commons-io-2.16.1.jar, commons-lang3-3.16.0.jar, extractor-app-0.1.0.jar, jackson-annotations-2.17.2.jar, jackson-core-2.17.2.jar, jackson-databind-2.17.2.jar define 1 overlapping resource: 
[WARNING]   - META-INF/MANIFEST.MF
[WARNING] commons-codec-1.17.1.jar, commons-compress-1.27.1.jar, commons-io-2.16.1.jar, commons-lang3-3.16.0.jar, jackson-core-2.17.2.jar, jackson-databind-2.17.2.jar define 1 overlapping classes: 
[WARNING]   - META-INF.versions.9.module-info
[WARNING] maven-shade-plugin has detected that some files are
[WARNING] present in two or more JARs. When this happens, only one
[WARNING] single version of the file is copied to the uber jar.
[WARNING] Usually this is not harmful and you can skip these warnings,
[WARNING] otherwise try to manually exclude artifacts based on
[WARNING] mvn dependency:tree -Ddetail=true and the above output.
[WARNING] See https://maven.apache.org/plugins/maven-shade-plugin/
[INFO] Replacing /home/adrianb/_/ai-assisted/github/test-gcp-dataflow-dataform-cloud-composer/apps/extractor-app/target/extractor-app.jar with /home/adrianb/_/ai-assisted/github/test-gcp-dataflow-dataform-cloud-composer/apps/extractor-app/target/extractor-app-0.1.0-shaded.jar
[INFO] 
[INFO] -------------------------< ro.mig:loader-app >--------------------------
[INFO] Building loader-app 0.1.0                                          [4/6]
[INFO] --------------------------------[ jar ]---------------------------------
[INFO] 
[INFO] --- maven-resources-plugin:2.6:resources (default-resources) @ loader-app ---
[INFO] Using 'UTF-8' encoding to copy filtered resources.
[INFO] skip non existing resourceDirectory /home/adrianb/_/ai-assisted/github/test-gcp-dataflow-dataform-cloud-composer/apps/loader-app/src/main/resources
[INFO] 
[INFO] --- maven-compiler-plugin:3.13.0:compile (default-compile) @ loader-app ---
[INFO] Recompiling the module because of changed dependency.
[INFO] Compiling 1 source file with javac [debug release 25] to target/classes
[INFO] 
[INFO] --- maven-resources-plugin:2.6:testResources (default-testResources) @ loader-app ---
[INFO] Using 'UTF-8' encoding to copy filtered resources.
[INFO] skip non existing resourceDirectory /home/adrianb/_/ai-assisted/github/test-gcp-dataflow-dataform-cloud-composer/apps/loader-app/src/test/resources
[INFO] 
[INFO] --- maven-compiler-plugin:3.13.0:testCompile (default-testCompile) @ loader-app ---
[INFO] No sources to compile
[INFO] 
[INFO] --- maven-surefire-plugin:3.2.5:test (default-test) @ loader-app ---
[INFO] Tests are skipped.
[INFO] 
[INFO] --- maven-jar-plugin:3.4.1:jar (default-jar) @ loader-app ---
[INFO] Building jar: /home/adrianb/_/ai-assisted/github/test-gcp-dataflow-dataform-cloud-composer/apps/loader-app/target/loader-app-0.1.0.jar
[INFO] 
[INFO] --- maven-shade-plugin:3.5.3:shade (default) @ loader-app ---
[INFO] Including ro.mig:common:jar:0.1.0 in the shaded jar.
[INFO] Including org.apache.commons:commons-compress:jar:1.27.1 in the shaded jar.
[INFO] Including commons-codec:commons-codec:jar:1.17.1 in the shaded jar.
[INFO] Including commons-io:commons-io:jar:2.16.1 in the shaded jar.
[INFO] Including org.apache.commons:commons-lang3:jar:3.16.0 in the shaded jar.
[INFO] Including com.fasterxml.jackson.core:jackson-databind:jar:2.17.2 in the shaded jar.
[INFO] Including com.fasterxml.jackson.core:jackson-annotations:jar:2.17.2 in the shaded jar.
[INFO] Including com.fasterxml.jackson.core:jackson-core:jar:2.17.2 in the shaded jar.
[WARNING] commons-codec-1.17.1.jar, commons-compress-1.27.1.jar, commons-io-2.16.1.jar, commons-lang3-3.16.0.jar define 2 overlapping resources: 
[WARNING]   - META-INF/LICENSE.txt
[WARNING]   - META-INF/NOTICE.txt
[WARNING] common-0.1.0.jar, commons-codec-1.17.1.jar, commons-compress-1.27.1.jar, commons-io-2.16.1.jar, commons-lang3-3.16.0.jar, jackson-annotations-2.17.2.jar, jackson-core-2.17.2.jar, jackson-databind-2.17.2.jar, loader-app-0.1.0.jar define 1 overlapping resource: 
[WARNING]   - META-INF/MANIFEST.MF
[WARNING] jackson-annotations-2.17.2.jar, jackson-core-2.17.2.jar, jackson-databind-2.17.2.jar define 2 overlapping resources: 
[WARNING]   - META-INF/LICENSE
[WARNING]   - META-INF/NOTICE
[WARNING] commons-codec-1.17.1.jar, commons-compress-1.27.1.jar, commons-io-2.16.1.jar, commons-lang3-3.16.0.jar, jackson-core-2.17.2.jar, jackson-databind-2.17.2.jar define 1 overlapping classes: 
[WARNING]   - META-INF.versions.9.module-info
[WARNING] maven-shade-plugin has detected that some files are
[WARNING] present in two or more JARs. When this happens, only one
[WARNING] single version of the file is copied to the uber jar.
[WARNING] Usually this is not harmful and you can skip these warnings,
[WARNING] otherwise try to manually exclude artifacts based on
[WARNING] mvn dependency:tree -Ddetail=true and the above output.
[WARNING] See https://maven.apache.org/plugins/maven-shade-plugin/
[INFO] Replacing /home/adrianb/_/ai-assisted/github/test-gcp-dataflow-dataform-cloud-composer/apps/loader-app/target/loader-app.jar with /home/adrianb/_/ai-assisted/github/test-gcp-dataflow-dataform-cloud-composer/apps/loader-app/target/loader-app-0.1.0-shaded.jar
[INFO] 
[INFO] ------------------------< ro.mig:recon-service >------------------------
[INFO] Building recon-service 0.1.0                                       [5/6]
[INFO] --------------------------------[ jar ]---------------------------------
[INFO] 
[INFO] --- maven-resources-plugin:2.6:resources (default-resources) @ recon-service ---
[INFO] Using 'UTF-8' encoding to copy filtered resources.
[INFO] skip non existing resourceDirectory /home/adrianb/_/ai-assisted/github/test-gcp-dataflow-dataform-cloud-composer/apps/recon-service/src/main/resources
[INFO] 
[INFO] --- maven-compiler-plugin:3.13.0:compile (default-compile) @ recon-service ---
[INFO] Recompiling the module because of changed dependency.
[INFO] Compiling 2 source files with javac [debug release 25] to target/classes
[INFO] 
[INFO] --- maven-resources-plugin:2.6:testResources (default-testResources) @ recon-service ---
[INFO] Using 'UTF-8' encoding to copy filtered resources.
[INFO] skip non existing resourceDirectory /home/adrianb/_/ai-assisted/github/test-gcp-dataflow-dataform-cloud-composer/apps/recon-service/src/test/resources
[INFO] 
[INFO] --- maven-compiler-plugin:3.13.0:testCompile (default-testCompile) @ recon-service ---
[INFO] No sources to compile
[INFO] 
[INFO] --- maven-surefire-plugin:3.2.5:test (default-test) @ recon-service ---
[INFO] Tests are skipped.
[INFO] 
[INFO] --- maven-jar-plugin:3.4.1:jar (default-jar) @ recon-service ---
[INFO] Building jar: /home/adrianb/_/ai-assisted/github/test-gcp-dataflow-dataform-cloud-composer/apps/recon-service/target/recon-service-0.1.0.jar
[INFO] 
[INFO] --- maven-shade-plugin:3.5.3:shade (default) @ recon-service ---
[INFO] Including ro.mig:common:jar:0.1.0 in the shaded jar.
[INFO] Including org.apache.commons:commons-compress:jar:1.27.1 in the shaded jar.
[INFO] Including commons-codec:commons-codec:jar:1.17.1 in the shaded jar.
[INFO] Including commons-io:commons-io:jar:2.16.1 in the shaded jar.
[INFO] Including org.apache.commons:commons-lang3:jar:3.16.0 in the shaded jar.
[INFO] Including com.fasterxml.jackson.core:jackson-databind:jar:2.17.2 in the shaded jar.
[INFO] Including com.fasterxml.jackson.core:jackson-annotations:jar:2.17.2 in the shaded jar.
[INFO] Including com.fasterxml.jackson.core:jackson-core:jar:2.17.2 in the shaded jar.
[WARNING] common-0.1.0.jar, commons-codec-1.17.1.jar, commons-compress-1.27.1.jar, commons-io-2.16.1.jar, commons-lang3-3.16.0.jar, jackson-annotations-2.17.2.jar, jackson-core-2.17.2.jar, jackson-databind-2.17.2.jar, recon-service-0.1.0.jar define 1 overlapping resource: 
[WARNING]   - META-INF/MANIFEST.MF
[WARNING] commons-codec-1.17.1.jar, commons-compress-1.27.1.jar, commons-io-2.16.1.jar, commons-lang3-3.16.0.jar define 2 overlapping resources: 
[WARNING]   - META-INF/LICENSE.txt
[WARNING]   - META-INF/NOTICE.txt
[WARNING] jackson-annotations-2.17.2.jar, jackson-core-2.17.2.jar, jackson-databind-2.17.2.jar define 2 overlapping resources: 
[WARNING]   - META-INF/LICENSE
[WARNING]   - META-INF/NOTICE
[WARNING] commons-codec-1.17.1.jar, commons-compress-1.27.1.jar, commons-io-2.16.1.jar, commons-lang3-3.16.0.jar, jackson-core-2.17.2.jar, jackson-databind-2.17.2.jar define 1 overlapping classes: 
[WARNING]   - META-INF.versions.9.module-info
[WARNING] maven-shade-plugin has detected that some files are
[WARNING] present in two or more JARs. When this happens, only one
[WARNING] single version of the file is copied to the uber jar.
[WARNING] Usually this is not harmful and you can skip these warnings,
[WARNING] otherwise try to manually exclude artifacts based on
[WARNING] mvn dependency:tree -Ddetail=true and the above output.
[WARNING] See https://maven.apache.org/plugins/maven-shade-plugin/
[INFO] Replacing /home/adrianb/_/ai-assisted/github/test-gcp-dataflow-dataform-cloud-composer/apps/recon-service/target/recon-service.jar with /home/adrianb/_/ai-assisted/github/test-gcp-dataflow-dataform-cloud-composer/apps/recon-service/target/recon-service-0.1.0-shaded.jar
[INFO] 
[INFO] -----------------------< ro.mig:target-system-mock >-----------------------
[INFO] Building target-system-mock 0.1.0                                     [6/6]
[INFO] --------------------------------[ jar ]---------------------------------
[INFO] 
[INFO] --- maven-resources-plugin:2.6:resources (default-resources) @ target-system-mock ---
[INFO] Using 'UTF-8' encoding to copy filtered resources.
[INFO] skip non existing resourceDirectory /home/adrianb/_/ai-assisted/github/test-gcp-dataflow-dataform-cloud-composer/apps/target-system-mock/src/main/resources
[INFO] 
[INFO] --- maven-compiler-plugin:3.13.0:compile (default-compile) @ target-system-mock ---
[INFO] Recompiling the module because of changed dependency.
[INFO] Compiling 1 source file with javac [debug release 25] to target/classes
[INFO] 
[INFO] --- maven-resources-plugin:2.6:testResources (default-testResources) @ target-system-mock ---
[INFO] Using 'UTF-8' encoding to copy filtered resources.
[INFO] skip non existing resourceDirectory /home/adrianb/_/ai-assisted/github/test-gcp-dataflow-dataform-cloud-composer/apps/target-system-mock/src/test/resources
[INFO] 
[INFO] --- maven-compiler-plugin:3.13.0:testCompile (default-testCompile) @ target-system-mock ---
[INFO] No sources to compile
[INFO] 
[INFO] --- maven-surefire-plugin:3.2.5:test (default-test) @ target-system-mock ---
[INFO] Tests are skipped.
[INFO] 
[INFO] --- maven-jar-plugin:3.4.1:jar (default-jar) @ target-system-mock ---
[INFO] Building jar: /home/adrianb/_/ai-assisted/github/test-gcp-dataflow-dataform-cloud-composer/apps/target-system-mock/target/target-system-mock-0.1.0.jar
[INFO] 
[INFO] --- maven-shade-plugin:3.5.3:shade (default) @ target-system-mock ---
[INFO] Including ro.mig:common:jar:0.1.0 in the shaded jar.
[INFO] Including org.apache.commons:commons-compress:jar:1.27.1 in the shaded jar.
[INFO] Including commons-codec:commons-codec:jar:1.17.1 in the shaded jar.
[INFO] Including commons-io:commons-io:jar:2.16.1 in the shaded jar.
[INFO] Including org.apache.commons:commons-lang3:jar:3.16.0 in the shaded jar.
[INFO] Including com.fasterxml.jackson.core:jackson-databind:jar:2.17.2 in the shaded jar.
[INFO] Including com.fasterxml.jackson.core:jackson-annotations:jar:2.17.2 in the shaded jar.
[INFO] Including com.fasterxml.jackson.core:jackson-core:jar:2.17.2 in the shaded jar.
[WARNING] commons-codec-1.17.1.jar, commons-compress-1.27.1.jar, commons-io-2.16.1.jar, commons-lang3-3.16.0.jar define 2 overlapping resources: 
[WARNING]   - META-INF/LICENSE.txt
[WARNING]   - META-INF/NOTICE.txt
[WARNING] jackson-annotations-2.17.2.jar, jackson-core-2.17.2.jar, jackson-databind-2.17.2.jar define 2 overlapping resources: 
[WARNING]   - META-INF/LICENSE
[WARNING]   - META-INF/NOTICE
[WARNING] common-0.1.0.jar, commons-codec-1.17.1.jar, commons-compress-1.27.1.jar, commons-io-2.16.1.jar, commons-lang3-3.16.0.jar, jackson-annotations-2.17.2.jar, jackson-core-2.17.2.jar, jackson-databind-2.17.2.jar, target-system-mock-0.1.0.jar define 1 overlapping resource: 
[WARNING]   - META-INF/MANIFEST.MF
[WARNING] commons-codec-1.17.1.jar, commons-compress-1.27.1.jar, commons-io-2.16.1.jar, commons-lang3-3.16.0.jar, jackson-core-2.17.2.jar, jackson-databind-2.17.2.jar define 1 overlapping classes: 
[WARNING]   - META-INF.versions.9.module-info
[WARNING] maven-shade-plugin has detected that some files are
[WARNING] present in two or more JARs. When this happens, only one
[WARNING] single version of the file is copied to the uber jar.
[WARNING] Usually this is not harmful and you can skip these warnings,
[WARNING] otherwise try to manually exclude artifacts based on
[WARNING] mvn dependency:tree -Ddetail=true and the above output.
[WARNING] See https://maven.apache.org/plugins/maven-shade-plugin/
[INFO] Replacing /home/adrianb/_/ai-assisted/github/test-gcp-dataflow-dataform-cloud-composer/apps/target-system-mock/target/target-system-mock.jar with /home/adrianb/_/ai-assisted/github/test-gcp-dataflow-dataform-cloud-composer/apps/target-system-mock/target/target-system-mock-0.1.0-shaded.jar
[INFO] ------------------------------------------------------------------------
[INFO] Reactor Summary for mig-000001-1 0.1.0:
[INFO] 
[INFO] mig-000001-1 ....................................... SUCCESS [  0.006 s]
[INFO] common ............................................. SUCCESS [  4.065 s]
[INFO] extractor-app ...................................... SUCCESS [  1.706 s]
[INFO] loader-app ......................................... SUCCESS [  1.335 s]
[INFO] recon-service ...................................... SUCCESS [  1.381 s]
[INFO] target-system-mock .................................... SUCCESS [  1.199 s]
[INFO] ------------------------------------------------------------------------
[INFO] BUILD SUCCESS
[INFO] ------------------------------------------------------------------------
[INFO] Total time:  9.888 s
[INFO] Finished at: 2026-08-05T19:31:22+03:00
[INFO] ------------------------------------------------------------------------
